Archive member included to satisfy reference by file (symbol)

c:/st/stm32cubeide/stm32cubeide/plugins/com.st.stm32cube.ide.mcu.externaltools.gnu-tools-for-stm32.9-2020-q2-update.win32_1.5.0.202011040924/tools/bin/../lib/gcc/arm-none-eabi/9.3.1/../../../../arm-none-eabi/lib/thumb/v7e-m+fp/hard\libc_nano.a(lib_a-errno.o)
                              Core/Src/syscalls.o (__errno)
c:/st/stm32cubeide/stm32cubeide/plugins/com.st.stm32cube.ide.mcu.externaltools.gnu-tools-for-stm32.9-2020-q2-update.win32_1.5.0.202011040924/tools/bin/../lib/gcc/arm-none-eabi/9.3.1/../../../../arm-none-eabi/lib/thumb/v7e-m+fp/hard\libc_nano.a(lib_a-exit.o)
                              c:/st/stm32cubeide/stm32cubeide/plugins/com.st.stm32cube.ide.mcu.externaltools.gnu-tools-for-stm32.9-2020-q2-update.win32_1.5.0.202011040924/tools/bin/../lib/gcc/arm-none-eabi/9.3.1/../../../../arm-none-eabi/lib/thumb/v7e-m+fp/hard/crt0.o (exit)
c:/st/stm32cubeide/stm32cubeide/plugins/com.st.stm32cube.ide.mcu.externaltools.gnu-tools-for-stm32.9-2020-q2-update.win32_1.5.0.202011040924/tools/bin/../lib/gcc/arm-none-eabi/9.3.1/../../../../arm-none-eabi/lib/thumb/v7e-m+fp/hard\libc_nano.a(lib_a-impure.o)
                              c:/st/stm32cubeide/stm32cubeide/plugins/com.st.stm32cube.ide.mcu.externaltools.gnu-tools-for-stm32.9-2020-q2-update.win32_1.5.0.202011040924/tools/bin/../lib/gcc/arm-none-eabi/9.3.1/../../../../arm-none-eabi/lib/thumb/v7e-m+fp/hard\libc_nano.a(lib_a-exit.o) (_global_impure_ptr)
c:/st/stm32cubeide/stm32cubeide/plugins/com.st.stm32cube.ide.mcu.externaltools.gnu-tools-for-stm32.9-2020-q2-update.win32_1.5.0.202011040924/tools/bin/../lib/gcc/arm-none-eabi/9.3.1/../../../../arm-none-eabi/lib/thumb/v7e-m+fp/hard\libc_nano.a(lib_a-init.o)
                              c:/st/stm32cubeide/stm32cubeide/plugins/com.st.stm32cube.ide.mcu.externaltools.gnu-tools-for-stm32.9-2020-q2-update.win32_1.5.0.202011040924/tools/bin/../lib/gcc/arm-none-eabi/9.3.1/../../../../arm-none-eabi/lib/thumb/v7e-m+fp/hard/crt0.o (__libc_init_array)
c:/st/stm32cubeide/stm32cubeide/plugins/com.st.stm32cube.ide.mcu.externaltools.gnu-tools-for-stm32.9-2020-q2-update.win32_1.5.0.202011040924/tools/bin/../lib/gcc/arm-none-eabi/9.3.1/../../../../arm-none-eabi/lib/thumb/v7e-m+fp/hard\libc_nano.a(lib_a-memset.o)
                              c:/st/stm32cubeide/stm32cubeide/plugins/com.st.stm32cube.ide.mcu.externaltools.gnu-tools-for-stm32.9-2020-q2-update.win32_1.5.0.202011040924/tools/bin/../lib/gcc/arm-none-eabi/9.3.1/../../../../arm-none-eabi/lib/thumb/v7e-m+fp/hard/crt0.o (memset)

Allocating common symbols
Common symbol       size              file

hi2c1               0x54              Core/Src/i2c.o
uwTick              0x4               Drivers/STM32MP1xx_HAL_Driver/stm32mp1xx_hal.o
htim1               0x40              Core/Src/tim.o
hi2c5               0x54              Core/Src/i2c.o

Discarded input sections

 .text          0x0000000000000000        0x0 c:/st/stm32cubeide/stm32cubeide/plugins/com.st.stm32cube.ide.mcu.externaltools.gnu-tools-for-stm32.9-2020-q2-update.win32_1.5.0.202011040924/tools/bin/../lib/gcc/arm-none-eabi/9.3.1/thumb/v7e-m+fp/hard/crti.o
 .data          0x0000000000000000        0x0 c:/st/stm32cubeide/stm32cubeide/plugins/com.st.stm32cube.ide.mcu.externaltools.gnu-tools-for-stm32.9-2020-q2-update.win32_1.5.0.202011040924/tools/bin/../lib/gcc/arm-none-eabi/9.3.1/thumb/v7e-m+fp/hard/crti.o
 .bss           0x0000000000000000        0x0 c:/st/stm32cubeide/stm32cubeide/plugins/com.st.stm32cube.ide.mcu.externaltools.gnu-tools-for-stm32.9-2020-q2-update.win32_1.5.0.202011040924/tools/bin/../lib/gcc/arm-none-eabi/9.3.1/thumb/v7e-m+fp/hard/crti.o
 .data          0x0000000000000000        0x4 c:/st/stm32cubeide/stm32cubeide/plugins/com.st.stm32cube.ide.mcu.externaltools.gnu-tools-for-stm32.9-2020-q2-update.win32_1.5.0.202011040924/tools/bin/../lib/gcc/arm-none-eabi/9.3.1/thumb/v7e-m+fp/hard/crtbegin.o
 .text          0x0000000000000000       0x7c c:/st/stm32cubeide/stm32cubeide/plugins/com.st.stm32cube.ide.mcu.externaltools.gnu-tools-for-stm32.9-2020-q2-update.win32_1.5.0.202011040924/tools/bin/../lib/gcc/arm-none-eabi/9.3.1/../../../../arm-none-eabi/lib/thumb/v7e-m+fp/hard/crt0.o
 .data          0x0000000000000000        0x0 c:/st/stm32cubeide/stm32cubeide/plugins/com.st.stm32cube.ide.mcu.externaltools.gnu-tools-for-stm32.9-2020-q2-update.win32_1.5.0.202011040924/tools/bin/../lib/gcc/arm-none-eabi/9.3.1/../../../../arm-none-eabi/lib/thumb/v7e-m+fp/hard/crt0.o
 .bss           0x0000000000000000        0x0 c:/st/stm32cubeide/stm32cubeide/plugins/com.st.stm32cube.ide.mcu.externaltools.gnu-tools-for-stm32.9-2020-q2-update.win32_1.5.0.202011040924/tools/bin/../lib/gcc/arm-none-eabi/9.3.1/../../../../arm-none-eabi/lib/thumb/v7e-m+fp/hard/crt0.o
[...]
Memory Configuration

Name             Origin             Length             Attributes
RETRAM_interrupts 0x0000000000000000 0x0000000000000298 xrw
FLASH_text       0x0000000010000000 0x0000000000020000 xr
RAM1_data        0x0000000010020000 0x0000000000020000 xrw
RAM2_ipc_shm     0x0000000010040000 0x0000000000008000 xrw
*default*        0x0000000000000000 0xffffffffffffffff

Linker script and memory map

LOAD c:/st/stm32cubeide/stm32cubeide/plugins/com.st.stm32cube.ide.mcu.externaltools.gnu-tools-for-stm32.9-2020-q2-update.win32_1.5.0.202011040924/tools/bin/../lib/gcc/arm-none-eabi/9.3.1/thumb/v7e-m+fp/hard/crti.o
LOAD c:/st/stm32cubeide/stm32cubeide/plugins/com.st.stm32cube.ide.mcu.externaltools.gnu-tools-for-stm32.9-2020-q2-update.win32_1.5.0.202011040924/tools/bin/../lib/gcc/arm-none-eabi/9.3.1/thumb/v7e-m+fp/hard/crtbegin.o
LOAD c:/st/stm32cubeide/stm32cubeide/plugins/com.st.stm32cube.ide.mcu.externaltools.gnu-tools-for-stm32.9-2020-q2-update.win32_1.5.0.202011040924/tools/bin/../lib/gcc/arm-none-eabi/9.3.1/../../../../arm-none-eabi/lib/thumb/v7e-m+fp/hard/crt0.o
LOAD Common/System/system_stm32mp1xx.o
LOAD Core/Src/gpio.o
LOAD Core/Src/i2c.o
LOAD Core/Src/main.o
LOAD Core/Src/stm32mp1xx_hal_msp.o
LOAD Core/Src/stm32mp1xx_it.o
LOAD Core/Src/syscalls.o
LOAD Core/Src/sysmem.o
LOAD Core/Src/tim.o
LOAD Core/Src/usart.o
LOAD Core/Src/xnucleo_sensors.o
LOAD Core/Src/sensors/LIS2DW12_ACC.o
LOAD Core/Src/sensors/LSM6DSO_ACC-GYRO.o
LOAD Core/Src/sensors/STTS751_TEMP.o
LOAD Core/Startup/startup_stm32mp157cacx.o
LOAD Drivers/STM32MP1xx_HAL_Driver/stm32mp1xx_hal.o
LOAD Drivers/STM32MP1xx_HAL_Driver/stm32mp1xx_hal_cortex.o
LOAD Drivers/STM32MP1xx_HAL_Driver/stm32mp1xx_hal_dma.o
LOAD Drivers/STM32MP1xx_HAL_Driver/stm32mp1xx_hal_dma_ex.o
LOAD Drivers/STM32MP1xx_HAL_Driver/stm32mp1xx_hal_exti.o
LOAD Drivers/STM32MP1xx_HAL_Driver/stm32mp1xx_hal_gpio.o
LOAD Drivers/STM32MP1xx_HAL_Driver/stm32mp1xx_hal_hsem.o
LOAD Drivers/STM32MP1xx_HAL_Driver/stm32mp1xx_hal_i2c.o
LOAD Drivers/STM32MP1xx_HAL_Driver/stm32mp1xx_hal_i2c_ex.o
LOAD Drivers/STM32MP1xx_HAL_Driver/stm32mp1xx_hal_mdma.o
LOAD Drivers/STM32MP1xx_HAL_Driver/stm32mp1xx_hal_pwr.o
LOAD Drivers/STM32MP1xx_HAL_Driver/stm32mp1xx_hal_pwr_ex.o
LOAD Drivers/STM32MP1xx_HAL_Driver/stm32mp1xx_hal_rcc.o
LOAD Drivers/STM32MP1xx_HAL_Driver/stm32mp1xx_hal_rcc_ex.o
LOAD Drivers/STM32MP1xx_HAL_Driver/stm32mp1xx_hal_tim.o
LOAD Drivers/STM32MP1xx_HAL_Driver/stm32mp1xx_hal_tim_ex.o
LOAD Drivers/STM32MP1xx_HAL_Driver/stm32mp1xx_hal_uart.o
LOAD Drivers/STM32MP1xx_HAL_Driver/stm32mp1xx_hal_uart_ex.o
START GROUP
LOAD c:/st/stm32cubeide/stm32cubeide/plugins/com.st.stm32cube.ide.mcu.externaltools.gnu-tools-for-stm32.9-2020-q2-update.win32_1.5.0.202011040924/tools/bin/../lib/gcc/arm-none-eabi/9.3.1/../../../../arm-none-eabi/lib/thumb/v7e-m+fp/hard\libc_nano.a
LOAD c:/st/stm32cubeide/stm32cubeide/plugins/com.st.stm32cube.ide.mcu.externaltools.gnu-tools-for-stm32.9-2020-q2-update.win32_1.5.0.202011040924/tools/bin/../lib/gcc/arm-none-eabi/9.3.1/../../../../arm-none-eabi/lib/thumb/v7e-m+fp/hard\libm.a
END GROUP
START GROUP
LOAD c:/st/stm32cubeide/stm32cubeide/plugins/com.st.stm32cube.ide.mcu.externaltools.gnu-tools-for-stm32.9-2020-q2-update.win32_1.5.0.202011040924/tools/bin/../lib/gcc/arm-none-eabi/9.3.1/thumb/v7e-m+fp/hard\libgcc.a
LOAD c:/st/stm32cubeide/stm32cubeide/plugins/com.st.stm32cube.ide.mcu.externaltools.gnu-tools-for-stm32.9-2020-q2-update.win32_1.5.0.202011040924/tools/bin/../lib/gcc/arm-none-eabi/9.3.1/../../../../arm-none-eabi/lib/thumb/v7e-m+fp/hard\libc_nano.a
END GROUP
START GROUP
LOAD c:/st/stm32cubeide/stm32cubeide/plugins/com.st.stm32cube.ide.mcu.externaltools.gnu-tools-for-stm32.9-2020-q2-update.win32_1.5.0.202011040924/tools/bin/../lib/gcc/arm-none-eabi/9.3.1/thumb/v7e-m+fp/hard\libgcc.a
LOAD c:/st/stm32cubeide/stm32cubeide/plugins/com.st.stm32cube.ide.mcu.externaltools.gnu-tools-for-stm32.9-2020-q2-update.win32_1.5.0.202011040924/tools/bin/../lib/gcc/arm-none-eabi/9.3.1/../../../../arm-none-eabi/lib/thumb/v7e-m+fp/hard\libc_nano.a
LOAD c:/st/stm32cubeide/stm32cubeide/plugins/com.st.stm32cube.ide.mcu.externaltools.gnu-tools-for-stm32.9-2020-q2-update.win32_1.5.0.202011040924/tools/bin/../lib/gcc/arm-none-eabi/9.3.1/../../../../arm-none-eabi/lib/thumb/v7e-m+fp/hard\libnosys.a
END GROUP
START GROUP
LOAD c:/st/stm32cubeide/stm32cubeide/plugins/com.st.stm32cube.ide.mcu.externaltools.gnu-tools-for-stm32.9-2020-q2-update.win32_1.5.0.202011040924/tools/bin/../lib/gcc/arm-none-eabi/9.3.1/thumb/v7e-m+fp/hard\libgcc.a
LOAD c:/st/stm32cubeide/stm32cubeide/plugins/com.st.stm32cube.ide.mcu.externaltools.gnu-tools-for-stm32.9-2020-q2-update.win32_1.5.0.202011040924/tools/bin/../lib/gcc/arm-none-eabi/9.3.1/../../../../arm-none-eabi/lib/thumb/v7e-m+fp/hard\libc_nano.a
LOAD c:/st/stm32cubeide/stm32cubeide/plugins/com.st.stm32cube.ide.mcu.externaltools.gnu-tools-for-stm32.9-2020-q2-update.win32_1.5.0.202011040924/tools/bin/../lib/gcc/arm-none-eabi/9.3.1/../../../../arm-none-eabi/lib/thumb/v7e-m+fp/hard\libnosys.a
END GROUP
LOAD c:/st/stm32cubeide/stm32cubeide/plugins/com.st.stm32cube.ide.mcu.externaltools.gnu-tools-for-stm32.9-2020-q2-update.win32_1.5.0.202011040924/tools/bin/../lib/gcc/arm-none-eabi/9.3.1/thumb/v7e-m+fp/hard/crtend.o
LOAD c:/st/stm32cubeide/stm32cubeide/plugins/com.st.stm32cube.ide.mcu.externaltools.gnu-tools-for-stm32.9-2020-q2-update.win32_1.5.0.202011040924/tools/bin/../lib/gcc/arm-none-eabi/9.3.1/thumb/v7e-m+fp/hard/crtn.o
                0x0000000010040000                _estack = (ORIGIN (RAM1_data) + LENGTH (RAM1_data))
                0x0000000000000200                _Min_Heap_Size = 0x200
                0x0000000000000400                _Min_Stack_Size = 0x400
                0x0000000010040000                __OPENAMP_region_start__ = ORIGIN (RAM2_ipc_shm)
                0x0000000010048000                __OPENAMP_region_end__ = (ORIGIN (RAM2_ipc_shm) + LENGTH (RAM2_ipc_shm))

.isr_vector     0x0000000000000000      0x298
                0x0000000000000000                . = ALIGN (0x4)
 *(.isr_vector)
 .isr_vector    0x0000000000000000      0x298 Core/Startup/startup_stm32mp157cacx.o
                0x0000000000000000                g_pfnVectors
                0x0000000000000298                . = ALIGN (0x4)

.text           0x0000000010000000     0x66ac
                0x0000000010000000                . = ALIGN (0x4)
 *(.text)
 .text          0x0000000010000000       0x40 c:/st/stm32cubeide/stm32cubeide/plugins/com.st.stm32cube.ide.mcu.externaltools.gnu-tools-for-stm32.9-2020-q2-update.win32_1.5.0.202011040924/tools/bin/../lib/gcc/arm-none-eabi/9.3.1/thumb/v7e-m+fp/hard/crtbegin.o
 *(.text*)
 .text.SystemInit
                0x0000000010000040       0x4c Common/System/system_stm32mp1xx.o
                0x0000000010000040                SystemInit
 .text.BSP_GPIO_PinCfg
                0x000000001000008c       0x36 Core/Src/gpio.o
                0x000000001000008c                BSP_GPIO_PinCfg
 *fill*         0x00000000100000c2        0x2 
 .text.init_leds
                0x00000000100000c4       0x98 Core/Src/gpio.o
                0x00000000100000c4                init_leds
 .text.MX_GPIO_Init
                0x000000001000015c       0x36 Core/Src/gpio.o
                0x000000001000015c                MX_GPIO_Init
 *fill*         0x0000000010000192        0x2 
 .text.MX_I2C1_Init
                0x0000000010000194       0x80 Core/Src/i2c.o
                0x0000000010000194                MX_I2C1_Init
 .text.MX_I2C5_Init
                0x0000000010000214       0x84 Core/Src/i2c.o
                0x0000000010000214                MX_I2C5_Init
 .text.HAL_I2C_MspInit
                0x0000000010000298      0x15c Core/Src/i2c.o
                0x0000000010000298                HAL_I2C_MspInit
 .text.main     0x00000000100003f4       0x8c Core/Src/main.o
                0x00000000100003f4                main
 .text.SystemClock_Config
                0x0000000010000480       0xde Core/Src/main.o
                0x0000000010000480                SystemClock_Config
 .text.Error_Handler
                0x000000001000055e        0xa Core/Src/main.o
                0x000000001000055e                Error_Handler
 .text.HAL_MspInit
                0x0000000010000568       0x6c Core/Src/stm32mp1xx_hal_msp.o
                0x0000000010000568                HAL_MspInit
 .text.NMI_Handler
                0x00000000100005d4        0x6 Core/Src/stm32mp1xx_it.o
                0x00000000100005d4                NMI_Handler
 .text.HardFault_Handler
                0x00000000100005da        0x6 Core/Src/stm32mp1xx_it.o
                0x00000000100005da                HardFault_Handler
 .text.MemManage_Handler
                0x00000000100005e0        0x6 Core/Src/stm32mp1xx_it.o
                0x00000000100005e0                MemManage_Handler
 .text.BusFault_Handler
                0x00000000100005e6        0x6 Core/Src/stm32mp1xx_it.o
                0x00000000100005e6                BusFault_Handler
 .text.UsageFault_Handler
                0x00000000100005ec        0x6 Core/Src/stm32mp1xx_it.o
                0x00000000100005ec                UsageFault_Handler
 .text.SVC_Handler
                0x00000000100005f2        0xe Core/Src/stm32mp1xx_it.o
                0x00000000100005f2                SVC_Handler
 .text.DebugMon_Handler
                0x0000000010000600        0xe Core/Src/stm32mp1xx_it.o
                0x0000000010000600                DebugMon_Handler
 .text.PendSV_Handler
                0x000000001000060e        0xe Core/Src/stm32mp1xx_it.o
                0x000000001000060e                PendSV_Handler
 .text.SysTick_Handler
                0x000000001000061c        0xc Core/Src/stm32mp1xx_it.o
                0x000000001000061c                SysTick_Handler
 .text.RCC_WAKEUP_IRQHandler
                0x0000000010000628        0xc Core/Src/stm32mp1xx_it.o
                0x0000000010000628                RCC_WAKEUP_IRQHandler
 .text.MX_TIM1_Init
                0x0000000010000634      0x160 Core/Src/tim.o
                0x0000000010000634                MX_TIM1_Init
 .text.HAL_TIM_Base_MspInit
                0x0000000010000794       0x28 Core/Src/tim.o
                0x0000000010000794                HAL_TIM_Base_MspInit
 .text.HAL_TIM_MspPostInit
                0x00000000100007bc       0x5c Core/Src/tim.o
                0x00000000100007bc                HAL_TIM_MspPostInit
 .text.I2C_Read_nucleo
                0x0000000010000818       0x40 Core/Src/xnucleo_sensors.o
                0x0000000010000818                I2C_Read_nucleo
 .text.I2C_Write_nucleo
                0x0000000010000858       0x40 Core/Src/xnucleo_sensors.o
                0x0000000010000858                I2C_Write_nucleo
 .text.Init_all_sensors
                0x0000000010000898       0x46 Core/Src/xnucleo_sensors.o
                0x0000000010000898                Init_all_sensors
 *fill*         0x00000000100008de        0x2 
 .text.Init_Accelerometer
                0x00000000100008e0       0x80 Core/Src/sensors/LIS2DW12_ACC.o
                0x00000000100008e0                Init_Accelerometer
 .text.Init_Gyroscope
                0x0000000010000960       0x80 Core/Src/sensors/LSM6DSO_ACC-GYRO.o
                0x0000000010000960                Init_Gyroscope
 .text.Read_Gyroscope
                0x00000000100009e0      0x100 Core/Src/sensors/LSM6DSO_ACC-GYRO.o
                0x00000000100009e0                Read_Gyroscope
 .text.Init_Temperature
                0x0000000010000ae0       0xa4 Core/Src/sensors/STTS751_TEMP.o
                0x0000000010000ae0                Init_Temperature
 .text.Default_Handler
                0x0000000010000b84        0x2 Core/Startup/startup_stm32mp157cacx.o
                0x0000000010000b84                EXTI2_IRQHandler
                0x0000000010000b84                TIM8_TRG_COM_IRQHandler
                0x0000000010000b84                TIM8_CC_IRQHandler
                0x0000000010000b84                EXTI5_IRQHandler
                0x0000000010000b84                UART8_IRQHandler
                0x0000000010000b84                SPI4_IRQHandler
                0x0000000010000b84                EXTI13_IRQHandler
                0x0000000010000b84                TIM1_CC_IRQHandler
                0x0000000010000b84                DMA2_Stream5_IRQHandler
                0x0000000010000b84                ETH1_WKUP_IRQHandler
                0x0000000010000b84                TAMP_IRQHandler
                0x0000000010000b84                DMA1_Stream5_IRQHandler
                0x0000000010000b84                TIM6_IRQHandler
                0x0000000010000b84                EXTI12_IRQHandler
                0x0000000010000b84                EXTI3_IRQHandler
                0x0000000010000b84                LPTIM4_IRQHandler
                0x0000000010000b84                EXTI8_IRQHandler
                0x0000000010000b84                LPTIM2_IRQHandler
                0x0000000010000b84                DFSDM1_FLT1_IRQHandler
                0x0000000010000b84                I2C3_ER_IRQHandler
                0x0000000010000b84                DFSDM1_FLT2_IRQHandler
                0x0000000010000b84                I2C5_EV_IRQHandler
                0x0000000010000b84                MDMA_IRQHandler
                0x0000000010000b84                IPCC_TX1_IRQHandler
                0x0000000010000b84                LPTIM3_IRQHandler
                0x0000000010000b84                EXTI0_IRQHandler
                0x0000000010000b84                I2C2_EV_IRQHandler
                0x0000000010000b84                DMA1_Stream2_IRQHandler
                0x0000000010000b84                FPU_IRQHandler
                0x0000000010000b84                USBH_OHCI_IRQHandler
                0x0000000010000b84                FDCAN1_IT1_IRQHandler
                0x0000000010000b84                LTDC_ER_IRQHandler
                0x0000000010000b84                DMA2_Stream2_IRQHandler
                0x0000000010000b84                IPCC_RX0_IRQHandler
                0x0000000010000b84                OTG_IRQHandler
                0x0000000010000b84                SPI1_IRQHandler
                0x0000000010000b84                DCMI_IRQHandler
                0x0000000010000b84                TIM8_UP_IRQHandler
                0x0000000010000b84                DMA2_Stream3_IRQHandler
                0x0000000010000b84                USBH_EHCI_IRQHandler
                0x0000000010000b84                nCTIIRQ2_IRQHandler
                0x0000000010000b84                HASH1_IRQHandler
                0x0000000010000b84                GPU_IRQHandler
                0x0000000010000b84                SAI2_IRQHandler
                0x0000000010000b84                ADC1_IRQHandler
                0x0000000010000b84                RESERVED148_IRQHandler
                0x0000000010000b84                RTC_TIMESTAMP_IRQHandler
                0x0000000010000b84                DFSDM1_FLT3_IRQHandler
                0x0000000010000b84                USART6_IRQHandler
                0x0000000010000b84                EXTI15_IRQHandler
                0x0000000010000b84                TIM17_IRQHandler
                0x0000000010000b84                USART3_IRQHandler
                0x0000000010000b84                EXTI9_IRQHandler
                0x0000000010000b84                LPTIM5_IRQHandler
                0x0000000010000b84                UART5_IRQHandler
                0x0000000010000b84                DMA2_Stream0_IRQHandler
                0x0000000010000b84                TIM4_IRQHandler
                0x0000000010000b84                CRYP2_IRQHandler
                0x0000000010000b84                QUADSPI_IRQHandler
                0x0000000010000b84                I2C1_EV_IRQHandler
                0x0000000010000b84                DMA1_Stream6_IRQHandler
                0x0000000010000b84                RESERVED99_IRQHandler
                0x0000000010000b84                DMAMUX1_OVR_IRQHandler
                0x0000000010000b84                DMA1_Stream1_IRQHandler
                0x0000000010000b84                TIM16_IRQHandler
                0x0000000010000b84                UART4_IRQHandler
                0x0000000010000b84                TIM3_IRQHandler
                0x0000000010000b84                RCC_IRQHandler
                0x0000000010000b84                TIM1_TRG_COM_IRQHandler
                0x0000000010000b84                nCTIIRQ1_IRQHandler
                0x0000000010000b84                Default_Handler
                0x0000000010000b84                IPCC_RX1_IRQHandler
                0x0000000010000b84                CEC_IRQHandler
                0x0000000010000b84                DFSDM1_FLT4_IRQHandler
                0x0000000010000b84                TIM14_IRQHandler
                0x0000000010000b84                I2C5_ER_IRQHandler
                0x0000000010000b84                TIM13_IRQHandler
                0x0000000010000b84                DMA1_Stream7_IRQHandler
                0x0000000010000b84                IPCC_TX0_IRQHandler
                0x0000000010000b84                SPI5_IRQHandler
                0x0000000010000b84                TIM12_IRQHandler
                0x0000000010000b84                TIM7_IRQHandler
                0x0000000010000b84                SDMMC1_IRQHandler
                0x0000000010000b84                TIM5_IRQHandler
                0x0000000010000b84                DMA2_Stream7_IRQHandler
                0x0000000010000b84                TIM15_IRQHandler
                0x0000000010000b84                PVD_AVD_IRQHandler
                0x0000000010000b84                I2C3_EV_IRQHandler
                0x0000000010000b84                SDMMC3_IRQHandler
                0x0000000010000b84                ETH1_IRQHandler
                0x0000000010000b84                LTDC_IRQHandler
                0x0000000010000b84                SAI3_IRQHandler
                0x0000000010000b84                SPDIF_RX_IRQHandler
                0x0000000010000b84                ADC2_IRQHandler
                0x0000000010000b84                SPI2_IRQHandler
                0x0000000010000b84                DFSDM1_FLT5_IRQHandler
                0x0000000010000b84                DMA1_Stream0_IRQHandler
                0x0000000010000b84                EXTI14_IRQHandler
                0x0000000010000b84                EXTI11_IRQHandler
                0x0000000010000b84                CRYP1_IRQHandler
                0x0000000010000b84                RNG2_IRQHandler
                0x0000000010000b84                RNG1_IRQHandler
                0x0000000010000b84                HASH2_IRQHandler
                0x0000000010000b84                EXTI4_IRQHandler
                0x0000000010000b84                ETH1_LPI_IRQHandler
                0x0000000010000b84                FDCAN2_IT1_IRQHandler
                0x0000000010000b84                DSI_IRQHandler
                0x0000000010000b84                TIM1_UP_IRQHandler
                0x0000000010000b84                HSEM_IT2_IRQHandler
                0x0000000010000b84                SPI6_IRQHandler
                0x0000000010000b84                MDIOS_IRQHandler
                0x0000000010000b84                I2C4_EV_IRQHandler
                0x0000000010000b84                FDCAN2_IT0_IRQHandler
                0x0000000010000b84                I2C6_ER_IRQHandler
                0x0000000010000b84                FDCAN1_IT0_IRQHandler
                0x0000000010000b84                TIM2_IRQHandler
                0x0000000010000b84                EXTI7_IRQHandler
                0x0000000010000b84                TIM1_BRK_IRQHandler
                0x0000000010000b84                DAC_IRQHandler
                0x0000000010000b84                EXTI1_IRQHandler
                0x0000000010000b84                SDMMC2_IRQHandler
                0x0000000010000b84                DTS_IRQHandler
                0x0000000010000b84                UART7_IRQHandler
                0x0000000010000b84                USART2_IRQHandler
                0x0000000010000b84                I2C6_EV_IRQHandler
                0x0000000010000b84                DFSDM1_FLT0_IRQHandler
                0x0000000010000b84                SAI4_IRQHandler
                0x0000000010000b84                I2C2_ER_IRQHandler
                0x0000000010000b84                DMA2_Stream1_IRQHandler
                0x0000000010000b84                TIM8_BRK_IRQHandler
                0x0000000010000b84                WWDG1_IRQHandler
                0x0000000010000b84                DMA2_Stream4_IRQHandler
                0x0000000010000b84                USART1_IRQHandler
                0x0000000010000b84                RESERVED143_IRQHandler
                0x0000000010000b84                EXTI10_IRQHandler
                0x0000000010000b84                SPI3_IRQHandler
                0x0000000010000b84                WAKEUP_PIN_IRQHandler
                0x0000000010000b84                DMA1_Stream4_IRQHandler
                0x0000000010000b84                I2C1_ER_IRQHandler
                0x0000000010000b84                FMC_IRQHandler
                0x0000000010000b84                FDCAN_CAL_IRQHandler
                0x0000000010000b84                EXTI6_IRQHandler
                0x0000000010000b84                MPU_SEV_IRQHandler
                0x0000000010000b84                LPTIM1_IRQHandler
                0x0000000010000b84                RTC_WKUP_ALARM_IRQHandler
                0x0000000010000b84                I2C4_ER_IRQHandler
                0x0000000010000b84                DMA2_Stream6_IRQHandler
                0x0000000010000b84                SAI1_IRQHandler
                0x0000000010000b84                DMA1_Stream3_IRQHandler
                0x0000000010000b84                RESERVED4_IRQHandler
 *fill*         0x0000000010000b86        0x2 
 .text.HAL_Init
                0x0000000010000b88       0x34 Drivers/STM32MP1xx_HAL_Driver/stm32mp1xx_hal.o
                0x0000000010000b88                HAL_Init
 .text.HAL_InitTick
                0x0000000010000bbc       0x6c Drivers/STM32MP1xx_HAL_Driver/stm32mp1xx_hal.o
                0x0000000010000bbc                HAL_InitTick
 .text.HAL_IncTick
                0x0000000010000c28       0x28 Drivers/STM32MP1xx_HAL_Driver/stm32mp1xx_hal.o
                0x0000000010000c28                HAL_IncTick
 .text.HAL_GetTick
                0x0000000010000c50       0x18 Drivers/STM32MP1xx_HAL_Driver/stm32mp1xx_hal.o
                0x0000000010000c50                HAL_GetTick
 .text.HAL_Delay
                0x0000000010000c68       0x48 Drivers/STM32MP1xx_HAL_Driver/stm32mp1xx_hal.o
                0x0000000010000c68                HAL_Delay
 .text.__NVIC_SetPriorityGrouping
                0x0000000010000cb0       0x48 Drivers/STM32MP1xx_HAL_Driver/stm32mp1xx_hal_cortex.o
 .text.__NVIC_GetPriorityGrouping
                0x0000000010000cf8       0x1c Drivers/STM32MP1xx_HAL_Driver/stm32mp1xx_hal_cortex.o
 .text.__NVIC_EnableIRQ
                0x0000000010000d14       0x3c Drivers/STM32MP1xx_HAL_Driver/stm32mp1xx_hal_cortex.o
 .text.__NVIC_SetPriority
                0x0000000010000d50       0x54 Drivers/STM32MP1xx_HAL_Driver/stm32mp1xx_hal_cortex.o
 .text.NVIC_EncodePriority
                0x0000000010000da4       0x66 Drivers/STM32MP1xx_HAL_Driver/stm32mp1xx_hal_cortex.o
 *fill*         0x0000000010000e0a        0x2 
 .text.SysTick_Config
                0x0000000010000e0c       0x44 Drivers/STM32MP1xx_HAL_Driver/stm32mp1xx_hal_cortex.o
 .text.HAL_NVIC_SetPriorityGrouping
                0x0000000010000e50       0x16 Drivers/STM32MP1xx_HAL_Driver/stm32mp1xx_hal_cortex.o
                0x0000000010000e50                HAL_NVIC_SetPriorityGrouping
 .text.HAL_NVIC_SetPriority
                0x0000000010000e66       0x38 Drivers/STM32MP1xx_HAL_Driver/stm32mp1xx_hal_cortex.o
                0x0000000010000e66                HAL_NVIC_SetPriority
 .text.HAL_NVIC_EnableIRQ
                0x0000000010000e9e       0x1c Drivers/STM32MP1xx_HAL_Driver/stm32mp1xx_hal_cortex.o
                0x0000000010000e9e                HAL_NVIC_EnableIRQ
 .text.HAL_SYSTICK_Config
                0x0000000010000eba       0x18 Drivers/STM32MP1xx_HAL_Driver/stm32mp1xx_hal_cortex.o
                0x0000000010000eba                HAL_SYSTICK_Config
 *fill*         0x0000000010000ed2        0x2 
 .text.HAL_GPIO_Init
                0x0000000010000ed4      0x354 Drivers/STM32MP1xx_HAL_Driver/stm32mp1xx_hal_gpio.o
                0x0000000010000ed4                HAL_GPIO_Init
 .text.HAL_GPIO_WritePin
                0x0000000010001228       0x32 Drivers/STM32MP1xx_HAL_Driver/stm32mp1xx_hal_gpio.o
                0x0000000010001228                HAL_GPIO_WritePin
 .text.HAL_I2C_Init
                0x000000001000125a      0x11e Drivers/STM32MP1xx_HAL_Driver/stm32mp1xx_hal_i2c.o
                0x000000001000125a                HAL_I2C_Init
 .text.HAL_I2C_Mem_Write
                0x0000000010001378      0x228 Drivers/STM32MP1xx_HAL_Driver/stm32mp1xx_hal_i2c.o
                0x0000000010001378                HAL_I2C_Mem_Write
 .text.HAL_I2C_Mem_Read
                0x00000000100015a0      0x234 Drivers/STM32MP1xx_HAL_Driver/stm32mp1xx_hal_i2c.o
                0x00000000100015a0                HAL_I2C_Mem_Read
 .text.HAL_I2C_IsDeviceReady
                0x00000000100017d4      0x20e Drivers/STM32MP1xx_HAL_Driver/stm32mp1xx_hal_i2c.o
                0x00000000100017d4                HAL_I2C_IsDeviceReady
 *fill*         0x00000000100019e2        0x2 
 .text.I2C_RequestMemoryWrite
                0x00000000100019e4       0xa8 Drivers/STM32MP1xx_HAL_Driver/stm32mp1xx_hal_i2c.o
 .text.I2C_RequestMemoryRead
                0x0000000010001a8c       0xa8 Drivers/STM32MP1xx_HAL_Driver/stm32mp1xx_hal_i2c.o
 .text.I2C_Flush_TXDR
                0x0000000010001b34       0x48 Drivers/STM32MP1xx_HAL_Driver/stm32mp1xx_hal_i2c.o
 .text.I2C_WaitOnFlagUntilTimeout
                0x0000000010001b7c       0x80 Drivers/STM32MP1xx_HAL_Driver/stm32mp1xx_hal_i2c.o
 .text.I2C_WaitOnTXISFlagUntilTimeout
                0x0000000010001bfc       0x80 Drivers/STM32MP1xx_HAL_Driver/stm32mp1xx_hal_i2c.o
 .text.I2C_WaitOnSTOPFlagUntilTimeout
                0x0000000010001c7c       0x78 Drivers/STM32MP1xx_HAL_Driver/stm32mp1xx_hal_i2c.o
 .text.I2C_IsAcknowledgeFailed
                0x0000000010001cf4       0xcc Drivers/STM32MP1xx_HAL_Driver/stm32mp1xx_hal_i2c.o
 .text.I2C_TransferConfig
                0x0000000010001dc0       0x5c Drivers/STM32MP1xx_HAL_Driver/stm32mp1xx_hal_i2c.o
 .text.HAL_I2CEx_ConfigAnalogFilter
                0x0000000010001e1c       0x96 Drivers/STM32MP1xx_HAL_Driver/stm32mp1xx_hal_i2c_ex.o
                0x0000000010001e1c                HAL_I2CEx_ConfigAnalogFilter
 .text.HAL_I2CEx_ConfigDigitalFilter
                0x0000000010001eb2       0x98 Drivers/STM32MP1xx_HAL_Driver/stm32mp1xx_hal_i2c_ex.o
                0x0000000010001eb2                HAL_I2CEx_ConfigDigitalFilter
 *fill*         0x0000000010001f4a        0x2 
 .text.HAL_RCC_OscConfig
                0x0000000010001f4c      0x660 Drivers/STM32MP1xx_HAL_Driver/stm32mp1xx_hal_rcc.o
                0x0000000010001f4c                HAL_RCC_OscConfig
 .text.HAL_RCC_HSEConfig
                0x00000000100025ac       0xd6 Drivers/STM32MP1xx_HAL_Driver/stm32mp1xx_hal_rcc.o
                0x00000000100025ac                HAL_RCC_HSEConfig
 .text.HAL_RCC_LSEConfig
                0x0000000010002682       0xfa Drivers/STM32MP1xx_HAL_Driver/stm32mp1xx_hal_rcc.o
                0x0000000010002682                HAL_RCC_LSEConfig
 .text.RCC_PLL1_Config
                0x000000001000277c      0x308 Drivers/STM32MP1xx_HAL_Driver/stm32mp1xx_hal_rcc.o
                0x000000001000277c                RCC_PLL1_Config
 .text.HAL_RCC_ClockConfig
                0x0000000010002a84      0x224 Drivers/STM32MP1xx_HAL_Driver/stm32mp1xx_hal_rcc.o
                0x0000000010002a84                HAL_RCC_ClockConfig
 .text.RCC_MPUConfig
                0x0000000010002ca8       0xec Drivers/STM32MP1xx_HAL_Driver/stm32mp1xx_hal_rcc.o
                0x0000000010002ca8                RCC_MPUConfig
 .text.RCC_AXISSConfig
                0x0000000010002d94      0x12e Drivers/STM32MP1xx_HAL_Driver/stm32mp1xx_hal_rcc.o
                0x0000000010002d94                RCC_AXISSConfig
 *fill*         0x0000000010002ec2        0x2 
 .text.RCC_MCUConfig
                0x0000000010002ec4      0x150 Drivers/STM32MP1xx_HAL_Driver/stm32mp1xx_hal_rcc.o
                0x0000000010002ec4                RCC_MCUConfig
 .text.HAL_RCC_GetPLL3ClockFreq
                0x0000000010003014      0x1f4 Drivers/STM32MP1xx_HAL_Driver/stm32mp1xx_hal_rcc.o
                0x0000000010003014                HAL_RCC_GetPLL3ClockFreq
 .text.HAL_RCC_GetMCUFreq
                0x0000000010003208       0x36 Drivers/STM32MP1xx_HAL_Driver/stm32mp1xx_hal_rcc.o
                0x0000000010003208                HAL_RCC_GetMCUFreq
 .text.HAL_RCC_GetSystemCoreClockFreq
                0x000000001000323e        0xe Drivers/STM32MP1xx_HAL_Driver/stm32mp1xx_hal_rcc.o
                0x000000001000323e                HAL_RCC_GetSystemCoreClockFreq
 .text.HAL_RCC_GetMCUSSFreq
                0x000000001000324c       0x74 Drivers/STM32MP1xx_HAL_Driver/stm32mp1xx_hal_rcc.o
                0x000000001000324c                HAL_RCC_GetMCUSSFreq
 .text.HAL_RCC_WAKEUP_IRQHandler
                0x00000000100032c0       0x2a Drivers/STM32MP1xx_HAL_Driver/stm32mp1xx_hal_rcc.o
                0x00000000100032c0                HAL_RCC_WAKEUP_IRQHandler
 .text.HAL_RCC_WAKEUP_Callback
                0x00000000100032ea        0xe Drivers/STM32MP1xx_HAL_Driver/stm32mp1xx_hal_rcc.o
                0x00000000100032ea                HAL_RCC_WAKEUP_Callback
 .text.RCCEx_PLL2_Config
                0x00000000100032f8      0x304 Drivers/STM32MP1xx_HAL_Driver/stm32mp1xx_hal_rcc_ex.o
                0x00000000100032f8                RCCEx_PLL2_Config
 .text.RCCEx_PLL3_Config
                0x00000000100035fc      0x2d4 Drivers/STM32MP1xx_HAL_Driver/stm32mp1xx_hal_rcc_ex.o
                0x00000000100035fc                RCCEx_PLL3_Config
 .text.RCCEx_PLL4_Config
                0x00000000100038d0      0x2b0 Drivers/STM32MP1xx_HAL_Driver/stm32mp1xx_hal_rcc_ex.o
                0x00000000100038d0                RCCEx_PLL4_Config
 .text.HAL_RCCEx_PeriphCLKConfig
                0x0000000010003b80     0x1b5c Drivers/STM32MP1xx_HAL_Driver/stm32mp1xx_hal_rcc_ex.o
                0x0000000010003b80                HAL_RCCEx_PeriphCLKConfig
 .text.HAL_TIM_Base_Init
                0x00000000100056dc       0x56 Drivers/STM32MP1xx_HAL_Driver/stm32mp1xx_hal_tim.o
                0x00000000100056dc                HAL_TIM_Base_Init
 .text.HAL_TIM_PWM_Init
                0x0000000010005732       0x56 Drivers/STM32MP1xx_HAL_Driver/stm32mp1xx_hal_tim.o
                0x0000000010005732                HAL_TIM_PWM_Init
 .text.HAL_TIM_PWM_MspInit
                0x0000000010005788       0x14 Drivers/STM32MP1xx_HAL_Driver/stm32mp1xx_hal_tim.o
                0x0000000010005788                HAL_TIM_PWM_MspInit
 .text.HAL_TIM_PWM_Start
                0x000000001000579c       0xac Drivers/STM32MP1xx_HAL_Driver/stm32mp1xx_hal_tim.o
                0x000000001000579c                HAL_TIM_PWM_Start
 .text.HAL_TIM_PWM_ConfigChannel
                0x0000000010005848      0x230 Drivers/STM32MP1xx_HAL_Driver/stm32mp1xx_hal_tim.o
                0x0000000010005848                HAL_TIM_PWM_ConfigChannel
 .text.HAL_TIM_ConfigClockSource
                0x0000000010005a78      0x18c Drivers/STM32MP1xx_HAL_Driver/stm32mp1xx_hal_tim.o
                0x0000000010005a78                HAL_TIM_ConfigClockSource
 .text.TIM_Base_SetConfig
                0x0000000010005c04      0x130 Drivers/STM32MP1xx_HAL_Driver/stm32mp1xx_hal_tim.o
                0x0000000010005c04                TIM_Base_SetConfig
 .text.TIM_OC1_SetConfig
                0x0000000010005d34      0x11c Drivers/STM32MP1xx_HAL_Driver/stm32mp1xx_hal_tim.o
 .text.TIM_OC2_SetConfig
                0x0000000010005e50      0x110 Drivers/STM32MP1xx_HAL_Driver/stm32mp1xx_hal_tim.o
                0x0000000010005e50                TIM_OC2_SetConfig
 .text.TIM_OC3_SetConfig
                0x0000000010005f60      0x10c Drivers/STM32MP1xx_HAL_Driver/stm32mp1xx_hal_tim.o
 .text.TIM_OC4_SetConfig
                0x000000001000606c       0xd0 Drivers/STM32MP1xx_HAL_Driver/stm32mp1xx_hal_tim.o
 .text.TIM_OC5_SetConfig
                0x000000001000613c       0xc4 Drivers/STM32MP1xx_HAL_Driver/stm32mp1xx_hal_tim.o
 .text.TIM_OC6_SetConfig
                0x0000000010006200       0xc8 Drivers/STM32MP1xx_HAL_Driver/stm32mp1xx_hal_tim.o
 .text.TIM_TI1_ConfigInputStage
                0x00000000100062c8       0x5e Drivers/STM32MP1xx_HAL_Driver/stm32mp1xx_hal_tim.o
 .text.TIM_TI2_ConfigInputStage
                0x0000000010006326       0x60 Drivers/STM32MP1xx_HAL_Driver/stm32mp1xx_hal_tim.o
 .text.TIM_ITRx_SetConfig
                0x0000000010006386       0x3a Drivers/STM32MP1xx_HAL_Driver/stm32mp1xx_hal_tim.o
 .text.TIM_ETR_SetConfig
                0x00000000100063c0       0x40 Drivers/STM32MP1xx_HAL_Driver/stm32mp1xx_hal_tim.o
                0x00000000100063c0                TIM_ETR_SetConfig
 .text.TIM_CCxChannelCmd
                0x0000000010006400       0x4a Drivers/STM32MP1xx_HAL_Driver/stm32mp1xx_hal_tim.o
                0x0000000010006400                TIM_CCxChannelCmd
 *fill*         0x000000001000644a        0x2 
 .text.HAL_TIMEx_MasterConfigSynchronization
                0x000000001000644c       0xb4 Drivers/STM32MP1xx_HAL_Driver/stm32mp1xx_hal_tim_ex.o
                0x000000001000644c                HAL_TIMEx_MasterConfigSynchronization
 .text.HAL_TIMEx_ConfigBreakDeadTime
                0x0000000010006500      0x13c Drivers/STM32MP1xx_HAL_Driver/stm32mp1xx_hal_tim_ex.o
                0x0000000010006500                HAL_TIMEx_ConfigBreakDeadTime
 .text.__libc_init_array
                0x000000001000663c       0x48 c:/st/stm32cubeide/stm32cubeide/plugins/com.st.stm32cube.ide.mcu.externaltools.gnu-tools-for-stm32.9-2020-q2-update.win32_1.5.0.202011040924/tools/bin/../lib/gcc/arm-none-eabi/9.3.1/../../../../arm-none-eabi/lib/thumb/v7e-m+fp/hard\libc_nano.a(lib_a-init.o)
                0x000000001000663c                __libc_init_array
 .text.memset   0x0000000010006684       0x10 c:/st/stm32cubeide/stm32cubeide/plugins/com.st.stm32cube.ide.mcu.externaltools.gnu-tools-for-stm32.9-2020-q2-update.win32_1.5.0.202011040924/tools/bin/../lib/gcc/arm-none-eabi/9.3.1/../../../../arm-none-eabi/lib/thumb/v7e-m+fp/hard\libc_nano.a(lib_a-memset.o)
                0x0000000010006684                memset
 *(.glue_7)
 .glue_7        0x0000000010006694        0x0 linker stubs
 *(.glue_7t)
 .glue_7t       0x0000000010006694        0x0 linker stubs
 *(.eh_frame)
 .eh_frame      0x0000000010006694        0x0 c:/st/stm32cubeide/stm32cubeide/plugins/com.st.stm32cube.ide.mcu.externaltools.gnu-tools-for-stm32.9-2020-q2-update.win32_1.5.0.202011040924/tools/bin/../lib/gcc/arm-none-eabi/9.3.1/thumb/v7e-m+fp/hard/crtbegin.o
 *(.init)
 .init          0x0000000010006694        0x4 c:/st/stm32cubeide/stm32cubeide/plugins/com.st.stm32cube.ide.mcu.externaltools.gnu-tools-for-stm32.9-2020-q2-update.win32_1.5.0.202011040924/tools/bin/../lib/gcc/arm-none-eabi/9.3.1/thumb/v7e-m+fp/hard/crti.o
                0x0000000010006694                _init
 .init          0x0000000010006698        0x8 c:/st/stm32cubeide/stm32cubeide/plugins/com.st.stm32cube.ide.mcu.externaltools.gnu-tools-for-stm32.9-2020-q2-update.win32_1.5.0.202011040924/tools/bin/../lib/gcc/arm-none-eabi/9.3.1/thumb/v7e-m+fp/hard/crtn.o
 *(.fini)
 .fini          0x00000000100066a0        0x4 c:/st/stm32cubeide/stm32cubeide/plugins/com.st.stm32cube.ide.mcu.externaltools.gnu-tools-for-stm32.9-2020-q2-update.win32_1.5.0.202011040924/tools/bin/../lib/gcc/arm-none-eabi/9.3.1/thumb/v7e-m+fp/hard/crti.o
                0x00000000100066a0                _fini
 .fini          0x00000000100066a4        0x8 c:/st/stm32cubeide/stm32cubeide/plugins/com.st.stm32cube.ide.mcu.externaltools.gnu-tools-for-stm32.9-2020-q2-update.win32_1.5.0.202011040924/tools/bin/../lib/gcc/arm-none-eabi/9.3.1/thumb/v7e-m+fp/hard/crtn.o
                0x00000000100066ac                . = ALIGN (0x4)
                0x00000000100066ac                _etext = .

.vfp11_veneer   0x00000000100066ac        0x0
 .vfp11_veneer  0x00000000100066ac        0x0 linker stubs

.v4_bx          0x00000000100066ac        0x0
 .v4_bx         0x00000000100066ac        0x0 linker stubs

.iplt           0x00000000100066ac        0x0
 .iplt          0x00000000100066ac        0x0 c:/st/stm32cubeide/stm32cubeide/plugins/com.st.stm32cube.ide.mcu.externaltools.gnu-tools-for-stm32.9-2020-q2-update.win32_1.5.0.202011040924/tools/bin/../lib/gcc/arm-none-eabi/9.3.1/thumb/v7e-m+fp/hard/crtbegin.o

.startup_copro_fw.Reset_Handler
                0x00000000100066ac       0x50
 .startup_copro_fw.Reset_Handler
                0x00000000100066ac       0x50 Core/Startup/startup_stm32mp157cacx.o
                0x00000000100066ac                Reset_Handler

.rel.dyn        0x00000000100066fc        0x0
 .rel.iplt      0x00000000100066fc        0x0 c:/st/stm32cubeide/stm32cubeide/plugins/com.st.stm32cube.ide.mcu.externaltools.gnu-tools-for-stm32.9-2020-q2-update.win32_1.5.0.202011040924/tools/bin/../lib/gcc/arm-none-eabi/9.3.1/thumb/v7e-m+fp/hard/crtbegin.o

.rodata         0x00000000100066fc        0x0
                0x00000000100066fc                . = ALIGN (0x4)
 *(.rodata)
 *(.rodata*)
                0x00000000100066fc                . = ALIGN (0x4)

.ARM.extab      0x00000000100066fc        0x0
                0x00000000100066fc                . = ALIGN (0x4)
 *(.ARM.extab* .gnu.linkonce.armextab.*)
                0x00000000100066fc                . = ALIGN (0x4)

.ARM            0x00000000100066fc        0x0
                0x00000000100066fc                . = ALIGN (0x4)
                0x00000000100066fc                __exidx_start = .
 *(.ARM.exidx*)
                0x00000000100066fc                __exidx_end = .
                0x00000000100066fc                . = ALIGN (0x4)

.preinit_array  0x00000000100066fc        0x0
                0x00000000100066fc                . = ALIGN (0x4)
                0x00000000100066fc                PROVIDE (__preinit_array_start = .)
 *(.preinit_array*)
                0x00000000100066fc                PROVIDE (__preinit_array_end = .)
                0x00000000100066fc                . = ALIGN (0x4)

.init_array     0x00000000100066fc        0x4
                0x00000000100066fc                . = ALIGN (0x4)
                0x00000000100066fc                PROVIDE (__init_array_start = .)
 *(SORT_BY_NAME(.init_array.*))
 *(.init_array*)
 .init_array    0x00000000100066fc        0x4 c:/st/stm32cubeide/stm32cubeide/plugins/com.st.stm32cube.ide.mcu.externaltools.gnu-tools-for-stm32.9-2020-q2-update.win32_1.5.0.202011040924/tools/bin/../lib/gcc/arm-none-eabi/9.3.1/thumb/v7e-m+fp/hard/crtbegin.o
                0x0000000010006700                PROVIDE (__init_array_end = .)
                0x0000000010006700                . = ALIGN (0x4)

.fini_array     0x0000000010006700        0x4
                0x0000000010006700                . = ALIGN (0x4)
                [!provide]                        PROVIDE (__fini_array_start = .)
 *(SORT_BY_NAME(.fini_array.*))
 *(.fini_array*)
 .fini_array    0x0000000010006700        0x4 c:/st/stm32cubeide/stm32cubeide/plugins/com.st.stm32cube.ide.mcu.externaltools.gnu-tools-for-stm32.9-2020-q2-update.win32_1.5.0.202011040924/tools/bin/../lib/gcc/arm-none-eabi/9.3.1/thumb/v7e-m+fp/hard/crtbegin.o
                [!provide]                        PROVIDE (__fini_array_end = .)
                0x0000000010006704                . = ALIGN (0x4)
                0x0000000010006704                __DATA_ROM = .
                0x0000000010006704                _sidata = LOADADDR (.data)

.data           0x0000000010020000       0x20 load address 0x0000000010006704
                0x0000000010020000                . = ALIGN (0x4)
                0x0000000010020000                _sdata = .
 *(.data)
 *(.data*)
 .data.SystemCoreClock
                0x0000000010020000        0x4 Common/System/system_stm32mp1xx.o
                0x0000000010020000                SystemCoreClock
 .data.adressSlaveAcc
                0x0000000010020004        0x1 Core/Src/sensors/LIS2DW12_ACC.o
 .data.numberTrials
                0x0000000010020005        0x1 Core/Src/sensors/LIS2DW12_ACC.o
 .data.timeOutTrial
                0x0000000010020006        0x1 Core/Src/sensors/LIS2DW12_ACC.o
 *fill*         0x0000000010020007        0x1 
 .data.adressSlaveGyro
                0x0000000010020008        0x2 Core/Src/sensors/LSM6DSO_ACC-GYRO.o
 *fill*         0x000000001002000a        0x2 
 .data.numberTrials
                0x000000001002000c        0x4 Core/Src/sensors/LSM6DSO_ACC-GYRO.o
 .data.timeOutTrial
                0x0000000010020010        0x4 Core/Src/sensors/LSM6DSO_ACC-GYRO.o
 .data.adressSlaveTemp
                0x0000000010020014        0x1 Core/Src/sensors/STTS751_TEMP.o
 .data.numberTrials
                0x0000000010020015        0x1 Core/Src/sensors/STTS751_TEMP.o
 .data.timeOutTrial
                0x0000000010020016        0x1 Core/Src/sensors/STTS751_TEMP.o
 *fill*         0x0000000010020017        0x1 
 .data.uwTickPrio
                0x0000000010020018        0x4 Drivers/STM32MP1xx_HAL_Driver/stm32mp1xx_hal.o
                0x0000000010020018                uwTickPrio
 .data.uwTickFreq
                0x000000001002001c        0x1 Drivers/STM32MP1xx_HAL_Driver/stm32mp1xx_hal.o
                0x000000001002001c                uwTickFreq
                0x0000000010020020                . = ALIGN (0x4)
 *fill*         0x000000001002001d        0x3 
                0x0000000010020020                _edata = .
                0x0000000010006724                __DATA_END = (__DATA_ROM + (_edata - _sdata))
                0x0000000010020000                text_end = (ORIGIN (FLASH_text) + LENGTH (FLASH_text))
                0x0000000000000001                ASSERT ((__DATA_END <= text_end), region FLASH_text overflowed with text and data)

.igot.plt       0x0000000010020020        0x0 load address 0x0000000010006724
 .igot.plt      0x0000000010020020        0x0 c:/st/stm32cubeide/stm32cubeide/plugins/com.st.stm32cube.ide.mcu.externaltools.gnu-tools-for-stm32.9-2020-q2-update.win32_1.5.0.202011040924/tools/bin/../lib/gcc/arm-none-eabi/9.3.1/thumb/v7e-m+fp/hard/crtbegin.o

.resource_table
                0x0000000010020020        0x0
                0x0000000010020020                . = ALIGN (0x4)
 *(.resource_table*)
                0x0000000010020020                . = ALIGN (0x4)
                0x0000000010020020                . = ALIGN (0x4)

.bss            0x0000000010020020      0x108 load address 0x0000000010006724
                0x0000000010020020                _sbss = .
                0x0000000010020020                __bss_start__ = _sbss
 *(.bss)
 .bss           0x0000000010020020       0x1c c:/st/stm32cubeide/stm32cubeide/plugins/com.st.stm32cube.ide.mcu.externaltools.gnu-tools-for-stm32.9-2020-q2-update.win32_1.5.0.202011040924/tools/bin/../lib/gcc/arm-none-eabi/9.3.1/thumb/v7e-m+fp/hard/crtbegin.o
 *(.bss*)
 *(COMMON)
 COMMON         0x000000001002003c       0xa8 Core/Src/i2c.o
                0x000000001002003c                hi2c1
                0x0000000010020090                hi2c5
 COMMON         0x00000000100200e4       0x40 Core/Src/tim.o
                0x00000000100200e4                htim1
 COMMON         0x0000000010020124        0x4 Drivers/STM32MP1xx_HAL_Driver/stm32mp1xx_hal.o
                0x0000000010020124                uwTick
                0x0000000010020128                . = ALIGN (0x4)
                0x0000000010020128                _ebss = .
                0x0000000010020128                __bss_end__ = _ebss

._user_heap_stack
                0x0000000010020128      0x600 load address 0x000000001000682c
                0x0000000010020128                . = ALIGN (0x8)
                [!provide]                        PROVIDE (end = .)
                0x0000000010020128                PROVIDE (_end = .)
                0x0000000010020328                . = (. + _Min_Heap_Size)
 *fill*         0x0000000010020128      0x200 
                0x0000000010020728                . = (. + _Min_Stack_Size)
 *fill*         0x0000000010020328      0x400 
                0x0000000010020728                . = ALIGN (0x8)

/DISCARD/
 libc.a(*)
 libm.a(*)
 libgcc.a(*)

.ARM.attributes
                0x0000000000000000       0x30
 *(.ARM.attributes)
 .ARM.attributes
                0x0000000000000000       0x1e c:/st/stm32cubeide/stm32cubeide/plugins/com.st.stm32cube.ide.mcu.externaltools.gnu-tools-for-stm32.9-2020-q2-update.win32_1.5.0.202011040924/tools/bin/../lib/gcc/arm-none-eabi/9.3.1/thumb/v7e-m+fp/hard/crti.o
 .ARM.attributes
                0x000000000000001e       0x34 c:/st/stm32cubeide/stm32cubeide/plugins/com.st.stm32cube.ide.mcu.externaltools.gnu-tools-for-stm32.9-2020-q2-update.win32_1.5.0.202011040924/tools/bin/../lib/gcc/arm-none-eabi/9.3.1/thumb/v7e-m+fp/hard/crtbegin.o
 .ARM.attributes
                0x0000000000000052       0x34 Common/System/system_stm32mp1xx.o
 .ARM.attributes
                0x0000000000000086       0x34 Core/Src/gpio.o
 .ARM.attributes
                0x00000000000000ba       0x34 Core/Src/i2c.o
 .ARM.attributes
                0x00000000000000ee       0x34 Core/Src/main.o
 .ARM.attributes
                0x0000000000000122       0x34 Core/Src/stm32mp1xx_hal_msp.o
 .ARM.attributes
                0x0000000000000156       0x34 Core/Src/stm32mp1xx_it.o
 .ARM.attributes
                0x000000000000018a       0x34 Core/Src/tim.o
 .ARM.attributes
                0x00000000000001be       0x34 Core/Src/xnucleo_sensors.o
 .ARM.attributes
                0x00000000000001f2       0x34 Core/Src/sensors/LIS2DW12_ACC.o
 .ARM.attributes
                0x0000000000000226       0x34 Core/Src/sensors/LSM6DSO_ACC-GYRO.o
 .ARM.attributes
                0x000000000000025a       0x34 Core/Src/sensors/STTS751_TEMP.o
 .ARM.attributes
                0x000000000000028e       0x21 Core/Startup/startup_stm32mp157cacx.o
 .ARM.attributes
                0x00000000000002af       0x34 Drivers/STM32MP1xx_HAL_Driver/stm32mp1xx_hal.o
 .ARM.attributes
                0x00000000000002e3       0x34 Drivers/STM32MP1xx_HAL_Driver/stm32mp1xx_hal_cortex.o
 .ARM.attributes
                0x0000000000000317       0x34 Drivers/STM32MP1xx_HAL_Driver/stm32mp1xx_hal_gpio.o
 .ARM.attributes
                0x000000000000034b       0x34 Drivers/STM32MP1xx_HAL_Driver/stm32mp1xx_hal_i2c.o
 .ARM.attributes
                0x000000000000037f       0x34 Drivers/STM32MP1xx_HAL_Driver/stm32mp1xx_hal_i2c_ex.o
 .ARM.attributes
                0x00000000000003b3       0x34 Drivers/STM32MP1xx_HAL_Driver/stm32mp1xx_hal_rcc.o
 .ARM.attributes
                0x00000000000003e7       0x34 Drivers/STM32MP1xx_HAL_Driver/stm32mp1xx_hal_rcc_ex.o
 .ARM.attributes
                0x000000000000041b       0x34 Drivers/STM32MP1xx_HAL_Driver/stm32mp1xx_hal_tim.o
 .ARM.attributes
                0x000000000000044f       0x34 Drivers/STM32MP1xx_HAL_Driver/stm32mp1xx_hal_tim_ex.o
 .ARM.attributes
                0x0000000000000483       0x34 c:/st/stm32cubeide/stm32cubeide/plugins/com.st.stm32cube.ide.mcu.externaltools.gnu-tools-for-stm32.9-2020-q2-update.win32_1.5.0.202011040924/tools/bin/../lib/gcc/arm-none-eabi/9.3.1/../../../../arm-none-eabi/lib/thumb/v7e-m+fp/hard\libc_nano.a(lib_a-init.o)
 .ARM.attributes
                0x00000000000004b7       0x34 c:/st/stm32cubeide/stm32cubeide/plugins/com.st.stm32cube.ide.mcu.externaltools.gnu-tools-for-stm32.9-2020-q2-update.win32_1.5.0.202011040924/tools/bin/../lib/gcc/arm-none-eabi/9.3.1/../../../../arm-none-eabi/lib/thumb/v7e-m+fp/hard\libc_nano.a(lib_a-memset.o)
 .ARM.attributes
                0x00000000000004eb       0x1e c:/st/stm32cubeide/stm32cubeide/plugins/com.st.stm32cube.ide.mcu.externaltools.gnu-tools-for-stm32.9-2020-q2-update.win32_1.5.0.202011040924/tools/bin/../lib/gcc/arm-none-eabi/9.3.1/thumb/v7e-m+fp/hard/crtn.o
OUTPUT(Davidson_MP1_CM4.elf elf32-littlearm)
LOAD linker stubs
LOAD c:/st/stm32cubeide/stm32cubeide/plugins/com.st.stm32cube.ide.mcu.externaltools.gnu-tools-for-stm32.9-2020-q2-update.win32_1.5.0.202011040924/tools/bin/../lib/gcc/arm-none-eabi/9.3.1/../../../../arm-none-eabi/lib/thumb/v7e-m+fp/hard\libc.a
LOAD c:/st/stm32cubeide/stm32cubeide/plugins/com.st.stm32cube.ide.mcu.externaltools.gnu-tools-for-stm32.9-2020-q2-update.win32_1.5.0.202011040924/tools/bin/../lib/gcc/arm-none-eabi/9.3.1/../../../../arm-none-eabi/lib/thumb/v7e-m+fp/hard\libm.a
LOAD c:/st/stm32cubeide/stm32cubeide/plugins/com.st.stm32cube.ide.mcu.externaltools.gnu-tools-for-stm32.9-2020-q2-update.win32_1.5.0.202011040924/tools/bin/../lib/gcc/arm-none-eabi/9.3.1/thumb/v7e-m+fp/hard\libgcc.a

.debug_info     0x0000000000000000    0x26509
 .debug_info    0x0000000000000000     0x1c3a Common/System/system_stm32mp1xx.o
 .debug_info    0x0000000000001c3a     0x1c39 Core/Src/gpio.o
 .debug_info    0x0000000000003873     0x2bdd Core/Src/i2c.o
 .debug_info    0x0000000000006450     0x2395 Core/Src/main.o
 .debug_info    0x00000000000087e5     0x1d2d Core/Src/stm32mp1xx_hal_msp.o
 .debug_info    0x000000000000a512      0xa92 Core/Src/stm32mp1xx_it.o
 .debug_info    0x000000000000afa4     0x25b6 Core/Src/tim.o
 .debug_info    0x000000000000d55a     0x167c Core/Src/xnucleo_sensors.o
 .debug_info    0x000000000000ebd6     0x16d8 Core/Src/sensors/LIS2DW12_ACC.o
 .debug_info    0x00000000000102ae     0x1738 Core/Src/sensors/LSM6DSO_ACC-GYRO.o
 .debug_info    0x00000000000119e6     0x16ed Core/Src/sensors/STTS751_TEMP.o
 .debug_info    0x00000000000130d3       0x22 Core/Startup/startup_stm32mp157cacx.o
 .debug_info    0x00000000000130f5     0x1674 Drivers/STM32MP1xx_HAL_Driver/stm32mp1xx_hal.o
 .debug_info    0x0000000000014769     0x1854 Drivers/STM32MP1xx_HAL_Driver/stm32mp1xx_hal_cortex.o
 .debug_info    0x0000000000015fbd     0x1391 Drivers/STM32MP1xx_HAL_Driver/stm32mp1xx_hal_gpio.o
 .debug_info    0x000000000001734e     0x30e4 Drivers/STM32MP1xx_HAL_Driver/stm32mp1xx_hal_i2c.o
 .debug_info    0x000000000001a432     0x26de Drivers/STM32MP1xx_HAL_Driver/stm32mp1xx_hal_i2c_ex.o
 .debug_info    0x000000000001cb10     0x26fe Drivers/STM32MP1xx_HAL_Driver/stm32mp1xx_hal_rcc.o
 .debug_info    0x000000000001f20e     0x2165 Drivers/STM32MP1xx_HAL_Driver/stm32mp1xx_hal_rcc_ex.o
 .debug_info    0x0000000000021373     0x3226 Drivers/STM32MP1xx_HAL_Driver/stm32mp1xx_hal_tim.o
 .debug_info    0x0000000000024599     0x1f70 Drivers/STM32MP1xx_HAL_Driver/stm32mp1xx_hal_tim_ex.o

.debug_abbrev   0x0000000000000000     0x32a3
 .debug_abbrev  0x0000000000000000      0x222 Common/System/system_stm32mp1xx.o
 .debug_abbrev  0x0000000000000222      0x22d Core/Src/gpio.o
 .debug_abbrev  0x000000000000044f      0x242 Core/Src/i2c.o
 .debug_abbrev  0x0000000000000691      0x280 Core/Src/main.o
 .debug_abbrev  0x0000000000000911      0x1f5 Core/Src/stm32mp1xx_hal_msp.o
 .debug_abbrev  0x0000000000000b06      0x1d1 Core/Src/stm32mp1xx_it.o
 .debug_abbrev  0x0000000000000cd7      0x262 Core/Src/tim.o
 .debug_abbrev  0x0000000000000f39      0x255 Core/Src/xnucleo_sensors.o
 .debug_abbrev  0x000000000000118e      0x242 Core/Src/sensors/LIS2DW12_ACC.o
 .debug_abbrev  0x00000000000013d0      0x226 Core/Src/sensors/LSM6DSO_ACC-GYRO.o
 .debug_abbrev  0x00000000000015f6      0x226 Core/Src/sensors/STTS751_TEMP.o
 .debug_abbrev  0x000000000000181c       0x12 Core/Startup/startup_stm32mp157cacx.o
 .debug_abbrev  0x000000000000182e      0x315 Drivers/STM32MP1xx_HAL_Driver/stm32mp1xx_hal.o
 .debug_abbrev  0x0000000000001b43      0x3f6 Drivers/STM32MP1xx_HAL_Driver/stm32mp1xx_hal_cortex.o
 .debug_abbrev  0x0000000000001f39      0x29c Drivers/STM32MP1xx_HAL_Driver/stm32mp1xx_hal_gpio.o
 .debug_abbrev  0x00000000000021d5      0x2e8 Drivers/STM32MP1xx_HAL_Driver/stm32mp1xx_hal_i2c.o
 .debug_abbrev  0x00000000000024bd      0x255 Drivers/STM32MP1xx_HAL_Driver/stm32mp1xx_hal_i2c_ex.o
 .debug_abbrev  0x0000000000002712      0x2f9 Drivers/STM32MP1xx_HAL_Driver/stm32mp1xx_hal_rcc.o
 .debug_abbrev  0x0000000000002a0b      0x2b4 Drivers/STM32MP1xx_HAL_Driver/stm32mp1xx_hal_rcc_ex.o
 .debug_abbrev  0x0000000000002cbf      0x2fb Drivers/STM32MP1xx_HAL_Driver/stm32mp1xx_hal_tim.o
 .debug_abbrev  0x0000000000002fba      0x2e9 Drivers/STM32MP1xx_HAL_Driver/stm32mp1xx_hal_tim_ex.o

.debug_aranges  0x0000000000000000      0xf18
 .debug_aranges
                0x0000000000000000       0x28 Common/System/system_stm32mp1xx.o
 .debug_aranges
                0x0000000000000028       0x38 Core/Src/gpio.o
 .debug_aranges
                0x0000000000000060       0x38 Core/Src/i2c.o
 .debug_aranges
                0x0000000000000098       0x30 Core/Src/main.o
 .debug_aranges
                0x00000000000000c8       0x20 Core/Src/stm32mp1xx_hal_msp.o
 .debug_aranges
                0x00000000000000e8       0x68 Core/Src/stm32mp1xx_it.o
 .debug_aranges
                0x0000000000000150       0x38 Core/Src/tim.o
 .debug_aranges
                0x0000000000000188       0x38 Core/Src/xnucleo_sensors.o
 .debug_aranges
                0x00000000000001c0       0x30 Core/Src/sensors/LIS2DW12_ACC.o
 .debug_aranges
                0x00000000000001f0       0x28 Core/Src/sensors/LSM6DSO_ACC-GYRO.o
 .debug_aranges
                0x0000000000000218       0x28 Core/Src/sensors/STTS751_TEMP.o
 .debug_aranges
                0x0000000000000240       0x28 Core/Startup/startup_stm32mp157cacx.o
 .debug_aranges
                0x0000000000000268      0x160 Drivers/STM32MP1xx_HAL_Driver/stm32mp1xx_hal.o
 .debug_aranges
                0x00000000000003c8      0x100 Drivers/STM32MP1xx_HAL_Driver/stm32mp1xx_hal_cortex.o
 .debug_aranges
                0x00000000000004c8       0x60 Drivers/STM32MP1xx_HAL_Driver/stm32mp1xx_hal_gpio.o
 .debug_aranges
                0x0000000000000528      0x2b8 Drivers/STM32MP1xx_HAL_Driver/stm32mp1xx_hal_i2c.o
 .debug_aranges
                0x00000000000007e0       0x48 Drivers/STM32MP1xx_HAL_Driver/stm32mp1xx_hal_i2c_ex.o
 .debug_aranges
                0x0000000000000828      0x160 Drivers/STM32MP1xx_HAL_Driver/stm32mp1xx_hal_rcc.o
 .debug_aranges
                0x0000000000000988       0x58 Drivers/STM32MP1xx_HAL_Driver/stm32mp1xx_hal_rcc_ex.o
 .debug_aranges
                0x00000000000009e0      0x3b8 Drivers/STM32MP1xx_HAL_Driver/stm32mp1xx_hal_tim.o
 .debug_aranges
                0x0000000000000d98      0x180 Drivers/STM32MP1xx_HAL_Driver/stm32mp1xx_hal_tim_ex.o

.debug_ranges   0x0000000000000000      0xdd0
 .debug_ranges  0x0000000000000000       0x18 Common/System/system_stm32mp1xx.o
 .debug_ranges  0x0000000000000018       0x28 Core/Src/gpio.o
 .debug_ranges  0x0000000000000040       0x28 Core/Src/i2c.o
 .debug_ranges  0x0000000000000068       0x20 Core/Src/main.o
 .debug_ranges  0x0000000000000088       0x10 Core/Src/stm32mp1xx_hal_msp.o
 .debug_ranges  0x0000000000000098       0x58 Core/Src/stm32mp1xx_it.o
 .debug_ranges  0x00000000000000f0       0x28 Core/Src/tim.o
 .debug_ranges  0x0000000000000118       0x28 Core/Src/xnucleo_sensors.o
 .debug_ranges  0x0000000000000140       0x20 Core/Src/sensors/LIS2DW12_ACC.o
 .debug_ranges  0x0000000000000160       0x18 Core/Src/sensors/LSM6DSO_ACC-GYRO.o
 .debug_ranges  0x0000000000000178       0x18 Core/Src/sensors/STTS751_TEMP.o
 .debug_ranges  0x0000000000000190       0x20 Core/Startup/startup_stm32mp157cacx.o
 .debug_ranges  0x00000000000001b0      0x150 Drivers/STM32MP1xx_HAL_Driver/stm32mp1xx_hal.o
 .debug_ranges  0x0000000000000300       0xf0 Drivers/STM32MP1xx_HAL_Driver/stm32mp1xx_hal_cortex.o
 .debug_ranges  0x00000000000003f0       0x50 Drivers/STM32MP1xx_HAL_Driver/stm32mp1xx_hal_gpio.o
 .debug_ranges  0x0000000000000440      0x2a8 Drivers/STM32MP1xx_HAL_Driver/stm32mp1xx_hal_i2c.o
 .debug_ranges  0x00000000000006e8       0x38 Drivers/STM32MP1xx_HAL_Driver/stm32mp1xx_hal_i2c_ex.o
 .debug_ranges  0x0000000000000720      0x150 Drivers/STM32MP1xx_HAL_Driver/stm32mp1xx_hal_rcc.o
 .debug_ranges  0x0000000000000870       0x48 Drivers/STM32MP1xx_HAL_Driver/stm32mp1xx_hal_rcc_ex.o
 .debug_ranges  0x00000000000008b8      0x3a8 Drivers/STM32MP1xx_HAL_Driver/stm32mp1xx_hal_tim.o
 .debug_ranges  0x0000000000000c60      0x170 Drivers/STM32MP1xx_HAL_Driver/stm32mp1xx_hal_tim_ex.o

.debug_macro    0x0000000000000000    0x482b2
 .debug_macro   0x0000000000000000      0x33d Common/System/system_stm32mp1xx.o
 .debug_macro   0x000000000000033d      0xaae Common/System/system_stm32mp1xx.o
 .debug_macro   0x0000000000000deb       0xec Common/System/system_stm32mp1xx.o
 .debug_macro   0x0000000000000ed7       0x2e Common/System/system_stm32mp1xx.o
 .debug_macro   0x0000000000000f05       0x3a Common/System/system_stm32mp1xx.o
 .debug_macro   0x0000000000000f3f       0x22 Common/System/system_stm32mp1xx.o
 .debug_macro   0x0000000000000f61       0x8e Common/System/system_stm32mp1xx.o
 .debug_macro   0x0000000000000fef       0x51 Common/System/system_stm32mp1xx.o
 .debug_macro   0x0000000000001040      0x103 Common/System/system_stm32mp1xx.o
 .debug_macro   0x0000000000001143       0x6a Common/System/system_stm32mp1xx.o
 .debug_macro   0x00000000000011ad      0x1df Common/System/system_stm32mp1xx.o
 .debug_macro   0x000000000000138c       0x1c Common/System/system_stm32mp1xx.o
 .debug_macro   0x00000000000013a8       0x22 Common/System/system_stm32mp1xx.o
 .debug_macro   0x00000000000013ca       0xdf Common/System/system_stm32mp1xx.o
 .debug_macro   0x00000000000014a9     0x102d Common/System/system_stm32mp1xx.o
 .debug_macro   0x00000000000024d6      0x11f Common/System/system_stm32mp1xx.o
 .debug_macro   0x00000000000025f5    0x3b3e4 Common/System/system_stm32mp1xx.o
 .debug_macro   0x000000000003d9d9       0x43 Common/System/system_stm32mp1xx.o
 .debug_macro   0x000000000003da1c       0x52 Common/System/system_stm32mp1xx.o
 .debug_macro   0x000000000003da6e       0x18 Common/System/system_stm32mp1xx.o
 .debug_macro   0x000000000003da86       0x3c Common/System/system_stm32mp1xx.o
 .debug_macro   0x000000000003dac2       0x34 Common/System/system_stm32mp1xx.o
 .debug_macro   0x000000000003daf6       0x16 Common/System/system_stm32mp1xx.o
 .debug_macro   0x000000000003db0c       0x97 Common/System/system_stm32mp1xx.o
 .debug_macro   0x000000000003dba3      0x333 Common/System/system_stm32mp1xx.o
 .debug_macro   0x000000000003ded6       0xfd Common/System/system_stm32mp1xx.o
 .debug_macro   0x000000000003dfd3       0x10 Common/System/system_stm32mp1xx.o
 .debug_macro   0x000000000003dfe3       0x16 Common/System/system_stm32mp1xx.o
 .debug_macro   0x000000000003dff9       0x43 Common/System/system_stm32mp1xx.o
 .debug_macro   0x000000000003e03c       0x34 Common/System/system_stm32mp1xx.o
 .debug_macro   0x000000000003e070       0x10 Common/System/system_stm32mp1xx.o
 .debug_macro   0x000000000003e080       0x58 Common/System/system_stm32mp1xx.o
 .debug_macro   0x000000000003e0d8       0x71 Common/System/system_stm32mp1xx.o
 .debug_macro   0x000000000003e149       0x1c Common/System/system_stm32mp1xx.o
 .debug_macro   0x000000000003e165      0x12a Common/System/system_stm32mp1xx.o
 .debug_macro   0x000000000003e28f       0x10 Common/System/system_stm32mp1xx.o
 .debug_macro   0x000000000003e29f       0x1c Common/System/system_stm32mp1xx.o
 .debug_macro   0x000000000003e2bb       0x52 Common/System/system_stm32mp1xx.o
 .debug_macro   0x000000000003e30d       0x22 Common/System/system_stm32mp1xx.o
 .debug_macro   0x000000000003e32f       0x10 Common/System/system_stm32mp1xx.o
 .debug_macro   0x000000000003e33f       0x40 Common/System/system_stm32mp1xx.o
 .debug_macro   0x000000000003e37f       0xd5 Common/System/system_stm32mp1xx.o
 .debug_macro   0x000000000003e454       0x1c Common/System/system_stm32mp1xx.o
 .debug_macro   0x000000000003e470       0x3d Common/System/system_stm32mp1xx.o
 .debug_macro   0x000000000003e4ad       0x16 Common/System/system_stm32mp1xx.o
 .debug_macro   0x000000000003e4c3      0x145 Common/System/system_stm32mp1xx.o
 .debug_macro   0x000000000003e608       0x55 Common/System/system_stm32mp1xx.o
 .debug_macro   0x000000000003e65d     0x1d54 Common/System/system_stm32mp1xx.o
 .debug_macro   0x00000000000403b1      0x9b1 Common/System/system_stm32mp1xx.o
 .debug_macro   0x0000000000040d62       0x2e Common/System/system_stm32mp1xx.o
 .debug_macro   0x0000000000040d90      0x342 Common/System/system_stm32mp1xx.o
 .debug_macro   0x00000000000410d2      0x13a Common/System/system_stm32mp1xx.o
 .debug_macro   0x000000000004120c      0x2f3 Common/System/system_stm32mp1xx.o
 .debug_macro   0x00000000000414ff       0x27 Common/System/system_stm32mp1xx.o
 .debug_macro   0x0000000000041526       0x4a Common/System/system_stm32mp1xx.o
 .debug_macro   0x0000000000041570      0x566 Common/System/system_stm32mp1xx.o
 .debug_macro   0x0000000000041ad6       0xe1 Common/System/system_stm32mp1xx.o
 .debug_macro   0x0000000000041bb7       0x66 Common/System/system_stm32mp1xx.o
 .debug_macro   0x0000000000041c1d      0x3d7 Common/System/system_stm32mp1xx.o
 .debug_macro   0x0000000000041ff4      0x228 Common/System/system_stm32mp1xx.o
 .debug_macro   0x000000000004221c      0x22c Common/System/system_stm32mp1xx.o
 .debug_macro   0x0000000000042448       0x4c Common/System/system_stm32mp1xx.o
 .debug_macro   0x0000000000042494       0xa5 Common/System/system_stm32mp1xx.o
 .debug_macro   0x0000000000042539      0x152 Common/System/system_stm32mp1xx.o
 .debug_macro   0x000000000004268b      0x1fa Common/System/system_stm32mp1xx.o
 .debug_macro   0x0000000000042885       0x19 Common/System/system_stm32mp1xx.o
 .debug_macro   0x000000000004289e      0xa1a Common/System/system_stm32mp1xx.o
 .debug_macro   0x00000000000432b8      0x27b Common/System/system_stm32mp1xx.o
 .debug_macro   0x0000000000043533      0x64d Common/System/system_stm32mp1xx.o
 .debug_macro   0x0000000000043b80       0xa6 Common/System/system_stm32mp1xx.o
 .debug_macro   0x0000000000043c26      0x522 Common/System/system_stm32mp1xx.o
 .debug_macro   0x0000000000044148      0x350 Core/Src/gpio.o
 .debug_macro   0x0000000000044498       0x5e Core/Src/gpio.o
 .debug_macro   0x00000000000444f6      0x351 Core/Src/i2c.o
 .debug_macro   0x0000000000044847      0x37b Core/Src/main.o
 .debug_macro   0x0000000000044bc2       0x64 Core/Src/main.o
 .debug_macro   0x0000000000044c26      0x100 Core/Src/main.o
 .debug_macro   0x0000000000044d26      0x341 Core/Src/stm32mp1xx_hal_msp.o
 .debug_macro   0x0000000000045067      0x34b Core/Src/stm32mp1xx_it.o
 .debug_macro   0x00000000000453b2      0x34b Core/Src/tim.o
 .debug_macro   0x00000000000456fd      0x367 Core/Src/xnucleo_sensors.o
 .debug_macro   0x0000000000045a64      0x35a Core/Src/sensors/LIS2DW12_ACC.o
 .debug_macro   0x0000000000045dbe      0x35a Core/Src/sensors/LSM6DSO_ACC-GYRO.o
 .debug_macro   0x0000000000046118      0x35a Core/Src/sensors/STTS751_TEMP.o
 .debug_macro   0x0000000000046472      0x367 Drivers/STM32MP1xx_HAL_Driver/stm32mp1xx_hal.o
 .debug_macro   0x00000000000467d9      0x337 Drivers/STM32MP1xx_HAL_Driver/stm32mp1xx_hal_cortex.o
 .debug_macro   0x0000000000046b10      0x36c Drivers/STM32MP1xx_HAL_Driver/stm32mp1xx_hal_gpio.o
 .debug_macro   0x0000000000046e7c      0x40a Drivers/STM32MP1xx_HAL_Driver/stm32mp1xx_hal_i2c.o
 .debug_macro   0x0000000000047286      0x337 Drivers/STM32MP1xx_HAL_Driver/stm32mp1xx_hal_i2c_ex.o
 .debug_macro   0x00000000000475bd      0x343 Drivers/STM32MP1xx_HAL_Driver/stm32mp1xx_hal_rcc.o
 .debug_macro   0x0000000000047900      0x33d Drivers/STM32MP1xx_HAL_Driver/stm32mp1xx_hal_rcc_ex.o
 .debug_macro   0x0000000000047c3d      0x338 Drivers/STM32MP1xx_HAL_Driver/stm32mp1xx_hal_tim.o
 .debug_macro   0x0000000000047f75      0x33d Drivers/STM32MP1xx_HAL_Driver/stm32mp1xx_hal_tim_ex.o

.debug_line     0x0000000000000000    0x14d49
 .debug_line    0x0000000000000000      0x999 Common/System/system_stm32mp1xx.o
 .debug_line    0x0000000000000999      0x8f0 Core/Src/gpio.o
 .debug_line    0x0000000000001289      0x9c5 Core/Src/i2c.o
 .debug_line    0x0000000000001c4e      0x96c Core/Src/main.o
 .debug_line    0x00000000000025ba      0x89f Core/Src/stm32mp1xx_hal_msp.o
 .debug_line    0x0000000000002e59      0x973 Core/Src/stm32mp1xx_it.o
 .debug_line    0x00000000000037cc      0x98e Core/Src/tim.o
 .debug_line    0x000000000000415a      0x924 Core/Src/xnucleo_sensors.o
 .debug_line    0x0000000000004a7e      0x957 Core/Src/sensors/LIS2DW12_ACC.o
 .debug_line    0x00000000000053d5      0x935 Core/Src/sensors/LSM6DSO_ACC-GYRO.o
 .debug_line    0x0000000000005d0a      0x91e Core/Src/sensors/STTS751_TEMP.o
 .debug_line    0x0000000000006628       0x8a Core/Startup/startup_stm32mp157cacx.o
 .debug_line    0x00000000000066b2      0xd63 Drivers/STM32MP1xx_HAL_Driver/stm32mp1xx_hal.o
 .debug_line    0x0000000000007415      0xdd4 Drivers/STM32MP1xx_HAL_Driver/stm32mp1xx_hal_cortex.o
 .debug_line    0x00000000000081e9      0xd8e Drivers/STM32MP1xx_HAL_Driver/stm32mp1xx_hal_gpio.o
 .debug_line    0x0000000000008f77     0x3837 Drivers/STM32MP1xx_HAL_Driver/stm32mp1xx_hal_i2c.o
 .debug_line    0x000000000000c7ae      0xae7 Drivers/STM32MP1xx_HAL_Driver/stm32mp1xx_hal_i2c_ex.o
 .debug_line    0x000000000000d295     0x1c28 Drivers/STM32MP1xx_HAL_Driver/stm32mp1xx_hal_rcc.o
 .debug_line    0x000000000000eebd     0x19ca Drivers/STM32MP1xx_HAL_Driver/stm32mp1xx_hal_rcc_ex.o
 .debug_line    0x0000000000010887     0x2e94 Drivers/STM32MP1xx_HAL_Driver/stm32mp1xx_hal_tim.o
 .debug_line    0x000000000001371b     0x162e Drivers/STM32MP1xx_HAL_Driver/stm32mp1xx_hal_tim_ex.o

.debug_str      0x0000000000000000   0x1ce601
 .debug_str     0x0000000000000000   0x1c8218 Common/System/system_stm32mp1xx.o
                                     0x1c85d4 (size before relaxing)
 .debug_str     0x00000000001c8218      0x29d Core/Src/gpio.o
                                     0x1c8742 (size before relaxing)
 .debug_str     0x00000000001c84b5      0xcd2 Core/Src/i2c.o
                                     0x1c92ef (size before relaxing)
 .debug_str     0x00000000001c9187      0xaa8 Core/Src/main.o
                                     0x1c8fd2 (size before relaxing)
 .debug_str     0x00000000001c9c2f      0x821 Core/Src/stm32mp1xx_hal_msp.o
                                     0x1c8ce4 (size before relaxing)
 .debug_str     0x00000000001ca450       0xbf Core/Src/stm32mp1xx_it.o
                                     0x1c7973 (size before relaxing)
 .debug_str     0x00000000001ca50f      0x255 Core/Src/tim.o
                                     0x1c8d84 (size before relaxing)
 .debug_str     0x00000000001ca764       0x94 Core/Src/xnucleo_sensors.o
                                     0x1c8825 (size before relaxing)
 .debug_str     0x00000000001ca7f8       0xc0 Core/Src/sensors/LIS2DW12_ACC.o
                                     0x1c8778 (size before relaxing)
 .debug_str     0x00000000001ca8b8      0x114 Core/Src/sensors/LSM6DSO_ACC-GYRO.o
                                     0x1c8805 (size before relaxing)
 .debug_str     0x00000000001ca9cc       0xde Core/Src/sensors/STTS751_TEMP.o
                                     0x1c87b9 (size before relaxing)
 .debug_str     0x00000000001caaaa       0x37 Core/Startup/startup_stm32mp157cacx.o
                                         0x75 (size before relaxing)
 .debug_str     0x00000000001caae1      0x705 Drivers/STM32MP1xx_HAL_Driver/stm32mp1xx_hal.o
                                     0x1c88f7 (size before relaxing)
 .debug_str     0x00000000001cb1e6      0x39b Drivers/STM32MP1xx_HAL_Driver/stm32mp1xx_hal_cortex.o
                                     0x1c8636 (size before relaxing)
 .debug_str     0x00000000001cb581      0x384 Drivers/STM32MP1xx_HAL_Driver/stm32mp1xx_hal_gpio.o
                                     0x1c7e19 (size before relaxing)
 .debug_str     0x00000000001cb905      0xfac Drivers/STM32MP1xx_HAL_Driver/stm32mp1xx_hal_i2c.o
                                     0x1c91b0 (size before relaxing)
 .debug_str     0x00000000001cc8b1      0x12d Drivers/STM32MP1xx_HAL_Driver/stm32mp1xx_hal_i2c_ex.o
                                     0x1c8f25 (size before relaxing)
 .debug_str     0x00000000001cc9de      0x718 Drivers/STM32MP1xx_HAL_Driver/stm32mp1xx_hal_rcc.o
                                     0x1c8e43 (size before relaxing)
 .debug_str     0x00000000001cd0f6      0x17c Drivers/STM32MP1xx_HAL_Driver/stm32mp1xx_hal_rcc_ex.o
                                     0x1c8c1f (size before relaxing)
 .debug_str     0x00000000001cd272      0xd7d Drivers/STM32MP1xx_HAL_Driver/stm32mp1xx_hal_tim.o
                                     0x1c8d25 (size before relaxing)
 .debug_str     0x00000000001cdfef      0x612 Drivers/STM32MP1xx_HAL_Driver/stm32mp1xx_hal_tim_ex.o
                                     0x1c86da (size before relaxing)

.comment        0x0000000000000000       0x53
 .comment       0x0000000000000000       0x53 Common/System/system_stm32mp1xx.o
                                         0x54 (size before relaxing)
 .comment       0x0000000000000053       0x54 Core/Src/gpio.o
 .comment       0x0000000000000053       0x54 Core/Src/i2c.o
 .comment       0x0000000000000053       0x54 Core/Src/main.o
 .comment       0x0000000000000053       0x54 Core/Src/stm32mp1xx_hal_msp.o
 .comment       0x0000000000000053       0x54 Core/Src/stm32mp1xx_it.o
 .comment       0x0000000000000053       0x54 Core/Src/tim.o
 .comment       0x0000000000000053       0x54 Core/Src/xnucleo_sensors.o
 .comment       0x0000000000000053       0x54 Core/Src/sensors/LIS2DW12_ACC.o
 .comment       0x0000000000000053       0x54 Core/Src/sensors/LSM6DSO_ACC-GYRO.o
 .comment       0x0000000000000053       0x54 Core/Src/sensors/STTS751_TEMP.o
 .comment       0x0000000000000053       0x54 Drivers/STM32MP1xx_HAL_Driver/stm32mp1xx_hal.o
 .comment       0x0000000000000053       0x54 Drivers/STM32MP1xx_HAL_Driver/stm32mp1xx_hal_cortex.o
 .comment       0x0000000000000053       0x54 Drivers/STM32MP1xx_HAL_Driver/stm32mp1xx_hal_gpio.o
 .comment       0x0000000000000053       0x54 Drivers/STM32MP1xx_HAL_Driver/stm32mp1xx_hal_i2c.o
 .comment       0x0000000000000053       0x54 Drivers/STM32MP1xx_HAL_Driver/stm32mp1xx_hal_i2c_ex.o
 .comment       0x0000000000000053       0x54 Drivers/STM32MP1xx_HAL_Driver/stm32mp1xx_hal_rcc.o
 .comment       0x0000000000000053       0x54 Drivers/STM32MP1xx_HAL_Driver/stm32mp1xx_hal_rcc_ex.o
 .comment       0x0000000000000053       0x54 Drivers/STM32MP1xx_HAL_Driver/stm32mp1xx_hal_tim.o
 .comment       0x0000000000000053       0x54 Drivers/STM32MP1xx_HAL_Driver/stm32mp1xx_hal_tim_ex.o

.debug_frame    0x0000000000000000     0x3db8
 .debug_frame   0x0000000000000000       0x58 Common/System/system_stm32mp1xx.o
 .debug_frame   0x0000000000000058       0x94 Core/Src/gpio.o
 .debug_frame   0x00000000000000ec       0x94 Core/Src/i2c.o
 .debug_frame   0x0000000000000180       0x70 Core/Src/main.o
 .debug_frame   0x00000000000001f0       0x2c Core/Src/stm32mp1xx_hal_msp.o
 .debug_frame   0x000000000000021c      0x120 Core/Src/stm32mp1xx_it.o
 .debug_frame   0x000000000000033c       0xa8 Core/Src/tim.o
 .debug_frame   0x00000000000003e4       0xa0 Core/Src/xnucleo_sensors.o
 .debug_frame   0x0000000000000484       0x7c Core/Src/sensors/LIS2DW12_ACC.o
 .debug_frame   0x0000000000000500       0x58 Core/Src/sensors/LSM6DSO_ACC-GYRO.o
 .debug_frame   0x0000000000000558       0x58 Core/Src/sensors/STTS751_TEMP.o
 .debug_frame   0x00000000000005b0      0x588 Drivers/STM32MP1xx_HAL_Driver/stm32mp1xx_hal.o
 .debug_frame   0x0000000000000b38      0x428 Drivers/STM32MP1xx_HAL_Driver/stm32mp1xx_hal_cortex.o
 .debug_frame   0x0000000000000f60      0x174 Drivers/STM32MP1xx_HAL_Driver/stm32mp1xx_hal_gpio.o
 .debug_frame   0x00000000000010d4      0xca8 Drivers/STM32MP1xx_HAL_Driver/stm32mp1xx_hal_i2c.o
 .debug_frame   0x0000000000001d7c      0x100 Drivers/STM32MP1xx_HAL_Driver/stm32mp1xx_hal_i2c_ex.o
 .debug_frame   0x0000000000001e7c      0x5b0 Drivers/STM32MP1xx_HAL_Driver/stm32mp1xx_hal_rcc.o
 .debug_frame   0x000000000000242c      0x150 Drivers/STM32MP1xx_HAL_Driver/stm32mp1xx_hal_rcc_ex.o
 .debug_frame   0x000000000000257c     0x1144 Drivers/STM32MP1xx_HAL_Driver/stm32mp1xx_hal_tim.o
 .debug_frame   0x00000000000036c0      0x6ac Drivers/STM32MP1xx_HAL_Driver/stm32mp1xx_hal_tim_ex.o
 .debug_frame   0x0000000000003d6c       0x2c c:/st/stm32cubeide/stm32cubeide/plugins/com.st.stm32cube.ide.mcu.externaltools.gnu-tools-for-stm32.9-2020-q2-update.win32_1.5.0.202011040924/tools/bin/../lib/gcc/arm-none-eabi/9.3.1/../../../../arm-none-eabi/lib/thumb/v7e-m+fp/hard\libc_nano.a(lib_a-init.o)
 .debug_frame   0x0000000000003d98       0x20 c:/st/stm32cubeide/stm32cubeide/plugins/com.st.stm32cube.ide.mcu.externaltools.gnu-tools-for-stm32.9-2020-q2-update.win32_1.5.0.202011040924/tools/bin/../lib/gcc/arm-none-eabi/9.3.1/../../../../arm-none-eabi/lib/thumb/v7e-m+fp/hard\libc_nano.a(lib_a-memset.o)
